14:53:14 **** Build of project lab1_ob_bsp ****
make -k all 
Running Make include in ps7_cortexa9_0/libsrc/dmaps_v2_3/src
make -C ps7_cortexa9_0/libsrc/dmaps_v2_3/src -s include  "SHELL=/bin/sh" "COMPILER=arm-none-eabi-gcc" "ARCHIVER=arm-none-eabi-ar" "COMPILER_FLAGS=  -O2 -c" "EXTRA_COMPILER_FLAGS=-mcpu=cortex-a9 -mfpu=vfpv3 -mfloat-abi=hard -nostartfiles -Wall -Wextra"
Running Make include in ps7_cortexa9_0/libsrc/ddrps_v1_0/src
make -C ps7_cortexa9_0/libsrc/ddrps_v1_0/src -s include  "SHELL=/bin/sh" "COMPILER=arm-none-eabi-gcc" "ARCHIVER=arm-none-eabi-ar" "COMPILER_FLAGS=  -O2 -c" "EXTRA_COMPILER_FLAGS=-mcpu=cortex-a9 -mfpu=vfpv3 -mfloat-abi=hard -nostartfiles -Wall -Wextra"
Running Make include in ps7_cortexa9_0/libsrc/standalone_v6_3/src
make -C ps7_cortexa9_0/libsrc/standalone_v6_3/src -s include  "SHELL=/bin/sh" "COMPILER=arm-none-eabi-gcc" "ARCHIVER=arm-none-eabi-ar" "COMPILER_FLAGS=  -O2 -c" "EXTRA_COMPILER_FLAGS=-mcpu=cortex-a9 -mfpu=vfpv3 -mfloat-abi=hard -nostartfiles -Wall -Wextra"
Running Make include in ps7_cortexa9_0/libsrc/scugic_v3_7/src
make -C ps7_cortexa9_0/libsrc/scugic_v3_7/src -s include  "SHELL=/bin/sh" "COMPILER=arm-none-eabi-gcc" "ARCHIVER=arm-none-eabi-ar" "COMPILER_FLAGS=  -O2 -c" "EXTRA_COMPILER_FLAGS=-mcpu=cortex-a9 -mfpu=vfpv3 -mfloat-abi=hard -nostartfiles -Wall -Wextra"
Running Make include in ps7_cortexa9_0/libsrc/cpu_cortexa9_v2_4/src
make -C ps7_cortexa9_0/libsrc/cpu_cortexa9_v2_4/src -s include  "SHELL=/bin/sh" "COMPILER=arm-none-eabi-gcc" "ARCHIVER=arm-none-eabi-ar" "COMPILER_FLAGS=  -O2 -c" "EXTRA_COMPILER_FLAGS=-mcpu=cortex-a9 -mfpu=vfpv3 -mfloat-abi=hard -nostartfiles -Wall -Wextra"
Running Make include in ps7_cortexa9_0/libsrc/xadcps_v2_2/src
make -C ps7_cortexa9_0/libsrc/xadcps_v2_2/src -s include  "SHELL=/bin/sh" "COMPILER=arm-none-eabi-gcc" "ARCHIVER=arm-none-eabi-ar" "COMPILER_FLAGS=  -O2 -c" "EXTRA_COMPILER_FLAGS=-mcpu=cortex-a9 -mfpu=vfpv3 -mfloat-abi=hard -nostartfiles -Wall -Wextra"
Running Make include in ps7_cortexa9_0/libsrc/devcfg_v3_4/src
make -C ps7_cortexa9_0/libsrc/devcfg_v3_4/src -s include  "SHELL=/bin/sh" "COMPILER=arm-none-eabi-gcc" "ARCHIVER=arm-none-eabi-ar" "COMPILER_FLAGS=  -O2 -c" "EXTRA_COMPILER_FLAGS=-mcpu=cortex-a9 -mfpu=vfpv3 -mfloat-abi=hard -nostartfiles -Wall -Wextra"
Running Make include in ps7_cortexa9_0/libsrc/gpio_v4_3/src
make -C ps7_cortexa9_0/libsrc/gpio_v4_3/src -s include  "SHELL=/bin/sh" "COMPILER=arm-none-eabi-gcc" "ARCHIVER=arm-none-eabi-ar" "COMPILER_FLAGS=  -O2 -c" "EXTRA_COMPILER_FLAGS=-mcpu=cortex-a9 -mfpu=vfpv3 -mfloat-abi=hard -nostartfiles -Wall -Wextra"
Running Make include in ps7_cortexa9_0/libsrc/scuwdt_v2_1/src
make -C ps7_cortexa9_0/libsrc/scuwdt_v2_1/src -s include  "SHELL=/bin/sh" "COMPILER=arm-none-eabi-gcc" "ARCHIVER=arm-none-eabi-ar" "COMPILER_FLAGS=  -O2 -c" "EXTRA_COMPILER_FLAGS=-mcpu=cortex-a9 -mfpu=vfpv3 -mfloat-abi=hard -nostartfiles -Wall -Wextra"
Running Make include in ps7_cortexa9_0/libsrc/coresightps_dcc_v1_4/src
make -C ps7_cortexa9_0/libsrc/coresightps_dcc_v1_4/src -s include  "SHELL=/bin/sh" "COMPILER=arm-none-eabi-gcc" "ARCHIVER=arm-none-eabi-ar" "COMPILER_FLAGS=  -O2 -c" "EXTRA_COMPILER_FLAGS=-mcpu=cortex-a9 -mfpu=vfpv3 -mfloat-abi=hard -nostartfiles -Wall -Wextra"
Running Make include in ps7_cortexa9_0/libsrc/scutimer_v2_1/src
make -C ps7_cortexa9_0/libsrc/scutimer_v2_1/src -s include  "SHELL=/bin/sh" "COMPILER=arm-none-eabi-gcc" "ARCHIVER=arm-none-eabi-ar" "COMPILER_FLAGS=  -O2 -c" "EXTRA_COMPILER_FLAGS=-mcpu=cortex-a9 -mfpu=vfpv3 -mfloat-abi=hard -nostartfiles -Wall -Wextra"
Running Make libs in ps7_cortexa9_0/libsrc/dmaps_v2_3/src
make -C ps7_cortexa9_0/libsrc/dmaps_v2_3/src -s libs  "SHELL=/bin/sh" "COMPILER=arm-none-eabi-gcc" "ARCHIVER=arm-none-eabi-ar" "COMPILER_FLAGS=  -O2 -c" "EXTRA_COMPILER_FLAGS=-mcpu=cortex-a9 -mfpu=vfpv3 -mfloat-abi=hard -nostartfiles -Wall -Wextra"
Compiling dmaps
arm-none-eabi-ar: creating ../../../lib/libxil.a
Running Make libs in ps7_cortexa9_0/libsrc/ddrps_v1_0/src
make -C ps7_cortexa9_0/libsrc/ddrps_v1_0/src -s libs  "SHELL=/bin/sh" "COMPILER=arm-none-eabi-gcc" "ARCHIVER=arm-none-eabi-ar" "COMPILER_FLAGS=  -O2 -c" "EXTRA_COMPILER_FLAGS=-mcpu=cortex-a9 -mfpu=vfpv3 -mfloat-abi=hard -nostartfiles -Wall -Wextra"
Compiling ddrps
Running Make libs in ps7_cortexa9_0/libsrc/standalone_v6_3/src
make -C ps7_cortexa9_0/libsrc/standalone_v6_3/src -s libs  "SHELL=/bin/sh" "COMPILER=arm-none-eabi-gcc" "ARCHIVER=arm-none-eabi-ar" "COMPILER_FLAGS=  -O2 -c" "EXTRA_COMPILER_FLAGS=-mcpu=cortex-a9 -mfpu=vfpv3 -mfloat-abi=hard -nostartfiles -Wall -Wextra"
Compiling standalone
Running Make libs in ps7_cortexa9_0/libsrc/scugic_v3_7/src
make -C ps7_cortexa9_0/libsrc/scugic_v3_7/src -s libs  "SHELL=/bin/sh" "COMPILER=arm-none-eabi-gcc" "ARCHIVER=arm-none-eabi-ar" "COMPILER_FLAGS=  -O2 -c" "EXTRA_COMPILER_FLAGS=-mcpu=cortex-a9 -mfpu=vfpv3 -mfloat-abi=hard -nostartfiles -Wall -Wextra"
Compiling scugic
xscugic_g.c:53:2: warning: missing initializer for field 'HandlerTable' of 'XScuGic_Config {aka struct <anonymous>}' [-Wmissing-field-initializers]
  }
  ^
In file included from xscugic_g.c:41:0:
xscugic.h:218:27: note: 'HandlerTable' declared here
  XScuGic_VectorTableEntry HandlerTable[XSCUGIC_MAX_NUM_INTR_INPUTS];/**<
                           ^~~~~~~~~~~~
Running Make libs in ps7_cortexa9_0/libsrc/cpu_cortexa9_v2_4/src
make -C ps7_cortexa9_0/libsrc/cpu_cortexa9_v2_4/src -s libs  "SHELL=/bin/sh" "COMPILER=arm-none-eabi-gcc" "ARCHIVER=arm-none-eabi-ar" "COMPILER_FLAGS=  -O2 -c" "EXTRA_COMPILER_FLAGS=-mcpu=cortex-a9 -mfpu=vfpv3 -mfloat-abi=hard -nostartfiles -Wall -Wextra"
Compiling cpu_cortexa9
Running Make libs in ps7_cortexa9_0/libsrc/xadcps_v2_2/src
make -C ps7_cortexa9_0/libsrc/xadcps_v2_2/src -s libs  "SHELL=/bin/sh" "COMPILER=arm-none-eabi-gcc" "ARCHIVER=arm-none-eabi-ar" "COMPILER_FLAGS=  -O2 -c" "EXTRA_COMPILER_FLAGS=-mcpu=cortex-a9 -mfpu=vfpv3 -mfloat-abi=hard -nostartfiles -Wall -Wextra"
Compiling xadcps
Running Make libs in ps7_cortexa9_0/libsrc/devcfg_v3_4/src
make -C ps7_cortexa9_0/libsrc/devcfg_v3_4/src -s libs  "SHELL=/bin/sh" "COMPILER=arm-none-eabi-gcc" "ARCHIVER=arm-none-eabi-ar" "COMPILER_FLAGS=  -O2 -c" "EXTRA_COMPILER_FLAGS=-mcpu=cortex-a9 -mfpu=vfpv3 -mfloat-abi=hard -nostartfiles -Wall -Wextra"
Compiling devcfg
Running Make libs in ps7_cortexa9_0/libsrc/gpio_v4_3/src
make -C ps7_cortexa9_0/libsrc/gpio_v4_3/src -s libs  "SHELL=/bin/sh" "COMPILER=arm-none-eabi-gcc" "ARCHIVER=arm-none-eabi-ar" "COMPILER_FLAGS=  -O2 -c" "EXTRA_COMPILER_FLAGS=-mcpu=cortex-a9 -mfpu=vfpv3 -mfloat-abi=hard -nostartfiles -Wall -Wextra"
Compiling gpio
Running Make libs in ps7_cortexa9_0/libsrc/scuwdt_v2_1/src
make -C ps7_cortexa9_0/libsrc/scuwdt_v2_1/src -s libs  "SHELL=/bin/sh" "COMPILER=arm-none-eabi-gcc" "ARCHIVER=arm-none-eabi-ar" "COMPILER_FLAGS=  -O2 -c" "EXTRA_COMPILER_FLAGS=-mcpu=cortex-a9 -mfpu=vfpv3 -mfloat-abi=hard -nostartfiles -Wall -Wextra"
Compiling scuwdt
Running Make libs in ps7_cortexa9_0/libsrc/coresightps_dcc_v1_4/src
make -C ps7_cortexa9_0/libsrc/coresightps_dcc_v1_4/src -s libs  "SHELL=/bin/sh" "COMPILER=arm-none-eabi-gcc" "ARCHIVER=arm-none-eabi-ar" "COMPILER_FLAGS=  -O2 -c" "EXTRA_COMPILER_FLAGS=-mcpu=cortex-a9 -mfpu=vfpv3 -mfloat-abi=hard -nostartfiles -Wall -Wextra"
Compiling coresightps_dcc
Running Make libs in ps7_cortexa9_0/libsrc/scutimer_v2_1/src
make -C ps7_cortexa9_0/libsrc/scutimer_v2_1/src -s libs  "SHELL=/bin/sh" "COMPILER=arm-none-eabi-gcc" "ARCHIVER=arm-none-eabi-ar" "COMPILER_FLAGS=  -O2 -c" "EXTRA_COMPILER_FLAGS=-mcpu=cortex-a9 -mfpu=vfpv3 -mfloat-abi=hard -nostartfiles -Wall -Wextra"
Compiling scutimer
Finished building libraries

**** Build of configuration Debug for project lab1_ob ****

Nothing to build for project lab1_ob
14:57:45 **** Auto Build of configuration Debug for project lab1_ob ****
make pre-build main-build 
a9-linaro-pre-build-step
 
Building file: ../src/lab1_mixed_approach.c
Invoking: ARM v7 gcc compiler
arm-none-eabi-gcc -Wall -O0 -g3 -c -fmessage-length=0 -MT"src/lab1_mixed_approach.o" -mcpu=cortex-a9 -mfpu=vfpv3 -mfloat-abi=hard -I../../lab1_ob_bsp/ps7_cortexa9_0/include -MMD -MP -MF"src/lab1_mixed_approach.d" -MT"src/lab1_mixed_approach.o" -o "src/lab1_mixed_approach.o" "../src/lab1_mixed_approach.c"
../src/lab1_mixed_approach.c: In function 'main':
../src/lab1_mixed_approach.c:40:26: error: 'ypos' undeclared (first use in this function)
  XGpio_SetDataDirection(&ypos, 1, 0x00000000); //output
                          ^~~~
../src/lab1_mixed_approach.c:40:26: note: each undeclared identifier is reported only once for each function it appears in
../src/lab1_mixed_approach.c:42:20: error: 'color' undeclared (first use in this function)
src/subdir.mk:21: recipe for target 'src/lab1_mixed_approach.o' failed
  XGpio_Initialize(&color, XPAR_COLOR_DEVICE_ID);
                    ^~~~~
../src/lab1_mixed_approach.c:49:2: error: expected ';' before 'while'
  while (1)
  ^~~~~
../src/lab1_mixed_approach.c:21:20: warning: unused variable 'position' [-Wunused-variable]
  int i, psb_check, position;
                    ^~~~~~~~
../src/lab1_mixed_approach.c:21:9: warning: unused variable 'psb_check' [-Wunused-variable]
  int i, psb_check, position;
         ^~~~~~~~~
../src/lab1_mixed_approach.c:21:6: warning: unused variable 'i' [-Wunused-variable]
  int i, psb_check, position;
      ^
make: *** [src/lab1_mixed_approach.o] Error 1
14:59:11 **** Auto Build of configuration Debug for project lab1_ob ****
make pre-build main-build 
a9-linaro-pre-build-step
 
Building file: ../src/lab1_mixed_approach.c
Invoking: ARM v7 gcc compiler
arm-none-eabi-gcc -Wall -O0 -g3 -c -fmessage-length=0 -MT"src/lab1_mixed_approach.o" -mcpu=cortex-a9 -mfpu=vfpv3 -mfloat-abi=hard -I../../lab1_ob_bsp/ps7_cortexa9_0/include -MMD -MP -MF"src/lab1_mixed_approach.d" -MT"src/lab1_mixed_approach.o" -o "src/lab1_mixed_approach.o" "../src/lab1_mixed_approach.c"
../src/lab1_mixed_approach.c: In function 'main':
../src/lab1_mixed_approach.c:49:2: error: expected ';' before 'while'
  while (1)
  ^~~~~
../src/lab1_mixed_approach.c:21:20: warning: unused variable 'position' [-Wunused-variable]
  int i, psb_check, position;
                    ^~~~~~~~
../src/lab1_mixed_approach.c:21:9: warning: unused variable 'psb_check' [-Wunused-variable]
src/subdir.mk:21: recipe for target 'src/lab1_mixed_approach.o' failed
  int i, psb_check, position;
         ^~~~~~~~~
../src/lab1_mixed_approach.c:21:6: warning: unused variable 'i' [-Wunused-variable]
  int i, psb_check, position;
      ^
make: *** [src/lab1_mixed_approach.o] Error 1
14:59:38 **** Auto Build of configuration Debug for project lab1_ob ****
make pre-build main-build 
a9-linaro-pre-build-step
 
Building file: ../src/lab1_mixed_approach.c
Invoking: ARM v7 gcc compiler
arm-none-eabi-gcc -Wall -O0 -g3 -c -fmessage-length=0 -MT"src/lab1_mixed_approach.o" -mcpu=cortex-a9 -mfpu=vfpv3 -mfloat-abi=hard -I../../lab1_ob_bsp/ps7_cortexa9_0/include -MMD -MP -MF"src/lab1_mixed_approach.d" -MT"src/lab1_mixed_approach.o" -o "src/lab1_mixed_approach.o" "../src/lab1_mixed_approach.c"
../src/lab1_mixed_approach.c: In function 'main':
../src/lab1_mixed_approach.c:70:13: warning: operation on 'position' may be undefined [-Wsequence-point]
    position = position++;
    ~~~~~~~~~^~~~~~~~~~~~
../src/lab1_mixed_approach.c:75:13: warning: operation on 'position' may be undefined [-Wsequence-point]
    position = position--;
    ~~~~~~~~~^~~~~~~~~~~~
../src/lab1_mixed_approach.c:83:13: warning: operation on 'position' may be undefined [-Wsequence-point]
    position = position--;
    ~~~~~~~~~^~~~~~~~~~~~
Finished building: ../src/lab1_mixed_approach.c
 
Building target: lab1_ob.elf
Invoking: ARM v7 gcc linker
arm-none-eabi-gcc -mcpu=cortex-a9 -mfpu=vfpv3 -mfloat-abi=hard -Wl,-build-id=none -specs=Xilinx.spec -Wl,-T -Wl,../src/lscript.ld -L../../lab1_ob_bsp/ps7_cortexa9_0/lib -o "lab1_ob.elf"  ./src/lab1_mixed_approach.o   -Wl,--start-group,-lxil,-lgcc,-lc,--end-group
Finished building target: lab1_ob.elf
 
Invoking: ARM v7 Print Size
arm-none-eabi-size lab1_ob.elf  |tee "lab1_ob.elf.size"
   text	   data	    bss	    dec	    hex	filename
  23852	   1236	  22584	  47672	   ba38	lab1_ob.elf
Finished building: lab1_ob.elf.size
 
15:00:38 **** Auto Build of configuration Debug for project lab1_ob ****
make pre-build main-build 
a9-linaro-pre-build-step
 
Building file: ../src/lab1_mixed_approach.c
Invoking: ARM v7 gcc compiler
arm-none-eabi-gcc -Wall -O0 -g3 -c -fmessage-length=0 -MT"src/lab1_mixed_approach.o" -mcpu=cortex-a9 -mfpu=vfpv3 -mfloat-abi=hard -I../../lab1_ob_bsp/ps7_cortexa9_0/include -MMD -MP -MF"src/lab1_mixed_approach.d" -MT"src/lab1_mixed_approach.o" -o "src/lab1_mixed_approach.o" "../src/lab1_mixed_approach.c"
../src/lab1_mixed_approach.c: In function 'main':
../src/lab1_mixed_approach.c:71:13: warning: operation on 'position' may be undefined [-Wsequence-point]
    position = position++;
    ~~~~~~~~~^~~~~~~~~~~~
../src/lab1_mixed_approach.c:76:13: warning: operation on 'position' may be undefined [-Wsequence-point]
    position = position--;
    ~~~~~~~~~^~~~~~~~~~~~
../src/lab1_mixed_approach.c:84:13: warning: operation on 'position' may be undefined [-Wsequence-point]
    position = position--;
    ~~~~~~~~~^~~~~~~~~~~~
Finished building: ../src/lab1_mixed_approach.c
 
Building target: lab1_ob.elf
Invoking: ARM v7 gcc linker
arm-none-eabi-gcc -mcpu=cortex-a9 -mfpu=vfpv3 -mfloat-abi=hard -Wl,-build-id=none -specs=Xilinx.spec -Wl,-T -Wl,../src/lscript.ld -L../../lab1_ob_bsp/ps7_cortexa9_0/lib -o "lab1_ob.elf"  ./src/lab1_mixed_approach.o   -Wl,--start-group,-lxil,-lgcc,-lc,--end-group
Finished building target: lab1_ob.elf
 
Invoking: ARM v7 Print Size
arm-none-eabi-size lab1_ob.elf  |tee "lab1_ob.elf.size"
   text	   data	    bss	    dec	    hex	filename
  24108	   1236	  22584	  47928	   bb38	lab1_ob.elf
Finished building: lab1_ob.elf.size
 
15:01:25 **** Auto Build of configuration Debug for project lab1_ob ****
make pre-build main-build 
a9-linaro-pre-build-step
 
Building file: ../src/lab1_mixed_approach.c
Invoking: ARM v7 gcc compiler
arm-none-eabi-gcc -Wall -O0 -g3 -c -fmessage-length=0 -MT"src/lab1_mixed_approach.o" -mcpu=cortex-a9 -mfpu=vfpv3 -mfloat-abi=hard -I../../lab1_ob_bsp/ps7_cortexa9_0/include -MMD -MP -MF"src/lab1_mixed_approach.d" -MT"src/lab1_mixed_approach.o" -o "src/lab1_mixed_approach.o" "../src/lab1_mixed_approach.c"
../src/lab1_mixed_approach.c: In function 'main':
../src/lab1_mixed_approach.c:71:13: warning: operation on 'position' may be undefined [-Wsequence-point]
    position = position++;
    ~~~~~~~~~^~~~~~~~~~~~
../src/lab1_mixed_approach.c:76:13: warning: operation on 'position' may be undefined [-Wsequence-point]
    position = position--;
    ~~~~~~~~~^~~~~~~~~~~~
Finished building: ../src/lab1_mixed_approach.c
 
Building target: lab1_ob.elf
Invoking: ARM v7 gcc linker
arm-none-eabi-gcc -mcpu=cortex-a9 -mfpu=vfpv3 -mfloat-abi=hard -Wl,-build-id=none -specs=Xilinx.spec -Wl,-T -Wl,../src/lscript.ld -L../../lab1_ob_bsp/ps7_cortexa9_0/lib -o "lab1_ob.elf"  ./src/lab1_mixed_approach.o   -Wl,--start-group,-lxil,-lgcc,-lc,--end-group
Finished building target: lab1_ob.elf
 
Invoking: ARM v7 Print Size
arm-none-eabi-size lab1_ob.elf  |tee "lab1_ob.elf.size"
   text	   data	    bss	    dec	    hex	filename
  24044	   1236	  22584	  47864	   baf8	lab1_ob.elf
Finished building: lab1_ob.elf.size
 
15:01:32 **** Auto Build of configuration Debug for project lab1_ob ****
make pre-build main-build 
a9-linaro-pre-build-step
 
Building file: ../src/lab1_mixed_approach.c
Invoking: ARM v7 gcc compiler
arm-none-eabi-gcc -Wall -O0 -g3 -c -fmessage-length=0 -MT"src/lab1_mixed_approach.o" -mcpu=cortex-a9 -mfpu=vfpv3 -mfloat-abi=hard -I../../lab1_ob_bsp/ps7_cortexa9_0/include -MMD -MP -MF"src/lab1_mixed_approach.d" -MT"src/lab1_mixed_approach.o" -o "src/lab1_mixed_approach.o" "../src/lab1_mixed_approach.c"
../src/lab1_mixed_approach.c: In function 'main':
../src/lab1_mixed_approach.c:71:13: warning: operation on 'position' may be undefined [-Wsequence-point]
    position = position++;
    ~~~~~~~~~^~~~~~~~~~~~
Finished building: ../src/lab1_mixed_approach.c
 
Building target: lab1_ob.elf
Invoking: ARM v7 gcc linker
arm-none-eabi-gcc -mcpu=cortex-a9 -mfpu=vfpv3 -mfloat-abi=hard -Wl,-build-id=none -specs=Xilinx.spec -Wl,-T -Wl,../src/lscript.ld -L../../lab1_ob_bsp/ps7_cortexa9_0/lib -o "lab1_ob.elf"  ./src/lab1_mixed_approach.o   -Wl,--start-group,-lxil,-lgcc,-lc,--end-group
Finished building target: lab1_ob.elf
 
Invoking: ARM v7 Print Size
arm-none-eabi-size lab1_ob.elf  |tee "lab1_ob.elf.size"
   text	   data	    bss	    dec	    hex	filename
  24044	   1236	  22584	  47864	   baf8	lab1_ob.elf
Finished building: lab1_ob.elf.size
 
15:01:37 **** Auto Build of configuration Debug for project lab1_ob ****
make pre-build main-build 
a9-linaro-pre-build-step
 
Building file: ../src/lab1_mixed_approach.c
Invoking: ARM v7 gcc compiler
arm-none-eabi-gcc -Wall -O0 -g3 -c -fmessage-length=0 -MT"src/lab1_mixed_approach.o" -mcpu=cortex-a9 -mfpu=vfpv3 -mfloat-abi=hard -I../../lab1_ob_bsp/ps7_cortexa9_0/include -MMD -MP -MF"src/lab1_mixed_approach.d" -MT"src/lab1_mixed_approach.o" -o "src/lab1_mixed_approach.o" "../src/lab1_mixed_approach.c"
Finished building: ../src/lab1_mixed_approach.c
 
Building target: lab1_ob.elf
Invoking: ARM v7 gcc linker
arm-none-eabi-gcc -mcpu=cortex-a9 -mfpu=vfpv3 -mfloat-abi=hard -Wl,-build-id=none -specs=Xilinx.spec -Wl,-T -Wl,../src/lscript.ld -L../../lab1_ob_bsp/ps7_cortexa9_0/lib -o "lab1_ob.elf"  ./src/lab1_mixed_approach.o   -Wl,--start-group,-lxil,-lgcc,-lc,--end-group
Finished building target: lab1_ob.elf
 
Invoking: ARM v7 Print Size
arm-none-eabi-size lab1_ob.elf  |tee "lab1_ob.elf.size"
   text	   data	    bss	    dec	    hex	filename
  24044	   1236	  22584	  47864	   baf8	lab1_ob.elf
Finished building: lab1_ob.elf.size
 
15:14:02 **** Incremental Build of configuration Debug for project lab1_ob ****
make pre-build main-build 
a9-linaro-pre-build-step
 
make: Nothing to be done for 'main-build'.
15:16:01 **** Auto Build of configuration Debug for project lab1_ob ****
make pre-build main-build 
a9-linaro-pre-build-step
 
Building file: ../src/lab1_mixed_approach.c
Invoking: ARM v7 gcc compiler
arm-none-eabi-gcc -Wall -O0 -g3 -c -fmessage-length=0 -MT"src/lab1_mixed_approach.o" -mcpu=cortex-a9 -mfpu=vfpv3 -mfloat-abi=hard -I../../lab1_ob_bsp/ps7_cortexa9_0/include -MMD -MP -MF"src/lab1_mixed_approach.d" -MT"src/lab1_mixed_approach.o" -o "src/lab1_mixed_approach.o" "../src/lab1_mixed_approach.c"
Finished building: ../src/lab1_mixed_approach.c
 
Building target: lab1_ob.elf
Invoking: ARM v7 gcc linker
arm-none-eabi-gcc -mcpu=cortex-a9 -mfpu=vfpv3 -mfloat-abi=hard -Wl,-build-id=none -specs=Xilinx.spec -Wl,-T -Wl,../src/lscript.ld -L../../lab1_ob_bsp/ps7_cortexa9_0/lib -o "lab1_ob.elf"  ./src/lab1_mixed_approach.o   -Wl,--start-group,-lxil,-lgcc,-lc,--end-group
Finished building target: lab1_ob.elf
 
Invoking: ARM v7 Print Size
arm-none-eabi-size lab1_ob.elf  |tee "lab1_ob.elf.size"
   text	   data	    bss	    dec	    hex	filename
  24044	   1236	  22584	  47864	   baf8	lab1_ob.elf
Finished building: lab1_ob.elf.size
 
