15:16:01 **** Auto Build of configuration Debug for project lab1_ob ****
make pre-build main-build 
a9-linaro-pre-build-step
 
Building file: ../src/lab1_mixed_approach.c
Invoking: ARM v7 gcc compiler
arm-none-eabi-gcc -Wall -O0 -g3 -c -fmessage-length=0 -MT"src/lab1_mixed_approach.o" -mcpu=cortex-a9 -mfpu=vfpv3 -mfloat-abi=hard -I../../lab1_ob_bsp/ps7_cortexa9_0/include -MMD -MP -MF"src/lab1_mixed_approach.d" -MT"src/lab1_mixed_approach.o" -o "src/lab1_mixed_approach.o" "../src/lab1_mixed_approach.c"
Finished building: ../src/lab1_mixed_approach.c
 
Building target: lab1_ob.elf
Invoking: ARM v7 gcc linker
arm-none-eabi-gcc -mcpu=cortex-a9 -mfpu=vfpv3 -mfloat-abi=hard -Wl,-build-id=none -specs=Xilinx.spec -Wl,-T -Wl,../src/lscript.ld -L../../lab1_ob_bsp/ps7_cortexa9_0/lib -o "lab1_ob.elf"  ./src/lab1_mixed_approach.o   -Wl,--start-group,-lxil,-lgcc,-lc,--end-group
Finished building target: lab1_ob.elf
 
Invoking: ARM v7 Print Size
arm-none-eabi-size lab1_ob.elf  |tee "lab1_ob.elf.size"
   text	   data	    bss	    dec	    hex	filename
  24044	   1236	  22584	  47864	   baf8	lab1_ob.elf
Finished building: lab1_ob.elf.size
 

15:16:01 Build Finished (took 521ms)

