01:25:33 **** Auto Build of configuration Debug for project Lab1_sf ****
make pre-build main-build 
a9-linaro-pre-build-step
 
Building file: ../src/lab1_soft_approach.c
Invoking: ARM v7 gcc compiler
arm-none-eabi-gcc -Wall -O0 -g3 -c -fmessage-length=0 -MT"src/lab1_soft_approach.o" -mcpu=cortex-a9 -mfpu=vfpv3 -mfloat-abi=hard -I../../Lab1_sf_bsp/ps7_cortexa9_0/include -MMD -MP -MF"src/lab1_soft_approach.d" -MT"src/lab1_soft_approach.o" -o "src/lab1_soft_approach.o" "../src/lab1_soft_approach.c"
Finished building: ../src/lab1_soft_approach.c
 
Building target: Lab1_sf.elf
Invoking: ARM v7 gcc linker
arm-none-eabi-gcc -mcpu=cortex-a9 -mfpu=vfpv3 -mfloat-abi=hard -Wl,-build-id=none -specs=Xilinx.spec -Wl,-T -Wl,../src/lscript.ld -L../../Lab1_sf_bsp/ps7_cortexa9_0/lib -o "Lab1_sf.elf"  ./src/lab1_soft_approach.o   -Wl,--start-group,-lxil,-lgcc,-lc,--end-group
Finished building target: Lab1_sf.elf
 
Invoking: ARM v7 Print Size
arm-none-eabi-size Lab1_sf.elf  |tee "Lab1_sf.elf.size"
   text	   data	    bss	    dec	    hex	filename
  23440	   1236	  22584	  47260	   b89c	Lab1_sf.elf
Finished building: Lab1_sf.elf.size
 

01:25:34 Build Finished (took 680ms)

